2025-05-07 11:25:00 | DEBUG | repo=a4m36jee-2014-clustering-seminar | action=commit
2025-02-24 18:22:00 | DEBUG | repo=a4m36jee-2014-clustering-seminar | action=commit
2025-07-15 12:16:00 | DEBUG | repo=a4m36jee-2014-clustering-seminar | action=test | passed=true
2025-11-12 13:06:00 | WARN | repo=a4m36jee-2014-clustering-seminar | action=pull
2025-06-15 08:06:00 | WARN | repo=a4m36jee-2014-clustering-seminar | action=test | passed=true
2025-12-13 08:48:00 | DEBUG | repo=a4m36jee-2014-clustering-seminar | action=commit
2025-09-17 18:17:00 | INFO | repo=a4m36jee-2014-clustering-seminar | action=commit
2025-11-21 11:49:00 | INFO | repo=a4m36jee-2014-clustering-seminar | action=commit
2025-09-04 10:37:00 | INFO | repo=a4m36jee-2014-clustering-seminar | action=edit | files=2
2025-05-21 17:03:00 | INFO | repo=a4m36jee-2014-clustering-seminar | action=commit
2025-04-03 08:18:00 | INFO | repo=a4m36jee-2014-clustering-seminar | action=commit
2025-12-27 21:45:00 | WARN | repo=a4m36jee-2014-clustering-seminar | action=test | passed=true
2025-06-07 10:07:00 | DEBUG | repo=a4m36jee-2014-clustering-seminar | action=pull
2025-09-14 11:55:00 | DEBUG | repo=a4m36jee-2014-clustering-seminar | action=commit
2025-01-15 20:15:00 | DEBUG | repo=a4m36jee-2014-clustering-seminar | action=commit
2025-07-08 18:33:00 | WARN | repo=a4m36jee-2014-clustering-seminar | action=commit
2025-07-24 08:24:00 | INFO | repo=a4m36jee-2014-clustering-seminar | action=commit
2025-09-03 14:54:00 | WARN | repo=a4m36jee-2014-clustering-seminar | action=commit
2025-05-08 08:44:00 | WARN | repo=a4m36jee-2014-clustering-seminar | action=commit
2025-09-06 19:31:00 | DEBUG | repo=a4m36jee-2014-clustering-seminar | action=commit
2025-08-01 10:13:00 | WARN | repo=a4m36jee-2014-clustering-seminar | action=pull
2025-08-11 17:29:00 | DEBUG | repo=a4m36jee-2014-clustering-seminar | action=edit | files=4
2025-07-05 10:02:00 | DEBUG | repo=a4m36jee-2014-clustering-seminar | action=commit
2025-06-09 20:28:00 | INFO | repo=a4m36jee-2014-clustering-seminar | action=test | passed=true
2025-03-01 08:52:00 | WARN | repo=a4m36jee-2014-clustering-seminar | action=pull
2025-01-08 13:21:00 | WARN | repo=a4m36jee-2014-clustering-seminar | action=edit | files=3
2025-05-26 20:46:00 | WARN | repo=a4m36jee-2014-clustering-seminar | action=commit
2025-04-22 15:15:00 | WARN | repo=a4m36jee-2014-clustering-seminar | action=commit
2025-08-16 08:34:00 | INFO | repo=a4m36jee-2014-clustering-seminar | action=pull
2025-07-06 18:25:00 | DEBUG | repo=a4m36jee-2014-clustering-seminar | action=commit
2025-05-04 15:08:00 | DEBUG | repo=a4m36jee-2014-clustering-seminar | action=commit
2025-08-26 17:30:00 | INFO | repo=a4m36jee-2014-clustering-seminar | action=commit
2025-09-03 19:06:00 | DEBUG | repo=a4m36jee-2014-clustering-seminar | action=commit
2025-07-19 21:40:00 | DEBUG | repo=a4m36jee-2014-clustering-seminar | action=commit
2025-06-03 20:37:00 | WARN | repo=a4m36jee-2014-clustering-seminar | action=commit
2025-07-28 16:45:00 | WARN | repo=a4m36jee-2014-clustering-seminar | action=pull
2025-03-04 16:16:00 | DEBUG | repo=a4m36jee-2014-clustering-seminar | action=commit
2025-07-17 16:58:00 | DEBUG | repo=a4m36jee-2014-clustering-seminar | action=commit
2025-07-09 08:43:00 | DEBUG | repo=a4m36jee-2014-clustering-seminar | action=commit
2025-08-03 18:38:00 | WARN | repo=a4m36jee-2014-clustering-seminar | action=commit
2025-08-15 09:51:00 | INFO | repo=a4m36jee-2014-clustering-seminar | action=commit
2025-01-25 08:29:00 | WARN | repo=a4m36jee-2014-clustering-seminar | action=commit
2025-08-15 12:30:00 | WARN | repo=a4m36jee-2014-clustering-seminar | action=pull
2025-02-26 08:54:00 | WARN | repo=a4m36jee-2014-clustering-seminar | action=commit
2025-12-17 07:38:00 | INFO | repo=a4m36jee-2014-clustering-seminar | action=commit
2025-11-17 21:26:00 | WARN | repo=a4m36jee-2014-clustering-seminar | action=commit
2025-08-05 12:42:00 | DEBUG | repo=a4m36jee-2014-clustering-seminar | action=commit
